# Work Log
Add a 'View as guest' mode for public resources
Capture open questions
